STARTING AT Wed Nov 30 14:55:42 CET 2022
Random seed: 1000
6 14
Reading dataset
Shuffling and extracting from dataset (length: 10000)
Shuffling and extraction done
Calculating power spectrum
Expansion coefficients done
Computing training kernel
     Calculating kernels for center species 1
     Calculating kernels for center species 6
Training kernel done
Computing test kernel
     Calculating kernels for center species 1
     Calculating kernels for center species 6
Test kernel done
Calculating composition features
Composition features done
-8.0 50.55883170987229
-7.8 50.54860294573555
-7.6 50.53201897219475
-7.4 50.50526992343534
-7.2 50.46260885624251
-7.0 50.39331596497012
-6.8 50.28155774066795
-6.6 50.10251819122031
-6.4 49.82300114275628
-6.2 49.40805326603207
-6.0 48.838425663498434
-5.8 48.12960646581985
-5.6 47.351811865165864
-5.4 46.62685014341924
-5.199999999999999 46.10085707920732
-5.0 45.89954490685338
-4.8 46.09937057892914
-4.6 46.74382677741389
-4.4 47.894722449102495
-4.199999999999999 49.68117579642842
-4.0 52.31109620465635
-3.8 56.02591759518815
-3.5999999999999996 60.991943627826785
-3.3999999999999995 67.15221493519871
-3.1999999999999993 74.12243454403244
-3.0 81.24148032255444
-2.8 87.7933245300077
-2.5999999999999996 93.26331197919214
-2.3999999999999995 97.46202210067841
-2.1999999999999993 100.47717907875897
-2.0 102.54005819754663
-1.7999999999999998 103.90649389069121
-1.5999999999999996 104.79358854992931
-1.3999999999999995 105.36268430588045
-1.1999999999999993 105.72527715033725
-1.0 105.95538247853138
-0.7999999999999998 106.10108498208207
-0.5999999999999996 106.1932055927426
-0.39999999999999947 106.25141129577409
-0.1999999999999993 106.28816713377012
0.0 106.31136738814669
0.20000000000000107 106.32601150544606
0.40000000000000036 106.33525596036458
0.5999999999999996 106.34108710484685
0.8000000000000007 106.34476743378997
1.0 106.34708941825524
1.200000000000001 106.34855433792048
1.4000000000000004 106.34948031321369
1.6000000000000014 106.35006005375597
1.8000000000000007 106.35043268012595
2.0 106.35066136996105
2.200000000000001 106.35080985051019
2.4000000000000004 106.35090144555076
2.6000000000000014 106.35095998369326
2.8000000000000007 106.35099818268338
3.0 106.35102187339633
3.200000000000001 106.3510366112209
3.4000000000000004 106.35104271754638
3.6000000000000014 106.35105098174571
3.8000000000000007 106.35105474654742
4.0 106.35105529749399
Result sigma optimization:  -5.0 45.89954490685338
E_max_2 =  400
Cutoff Radius =  4.5
Selected Radial Transform =  10.0
factor =  1.0
displacement =  0.0
dataset =  datasets/random-ch4-10k.extxyz
n_train =  100
n_test =  100
Train RMSE: 15.782241821289062 [Train MAE: 11.221341133117676]
Test RMSE: 39.46428680419922 [Test MAE: 26.910499572753906]
FINISHED at Wed Nov 30 14:55:56 CET 2022
