STARTING AT Fri Jan 13 18:04:01 CET 2023
Random seed: 6666
7 18
Reading dataset
Shuffling and extracting from dataset (length: 133885)
Shuffling and extraction done
Calculating power spectrum
Expansion coefficients done
Computing training kernel
     Calculating kernels for center species 1
     Calculating kernels for center species 1
FINISHED at Fri Jan 13 18:04:59 CET 2023
